[s39] booted, writing
node:internal/modules/run_main:107
    triggerUncaughtException(
    ^

page.evaluate: Target page, context or browser has been closed
Browser logs:

[pid=51813][err] [0928/090713.461977:INFO:CONSOLE:679] "keepalive: dynamic observe check_for_code_change", source: file://@tomlarkworthy/runtime-sdk (679)
[pid=51813][err] [0928/090713.462030:INFO:CONSOLE:679] "keepalive: dynamic observe check_for_code_change", source: file://@tomlarkworthy/runtime-sdk (679)
[pid=51813][err] [0928/090713.462073:INFO:CONSOLE:679] "keepalive: dynamic observe check_for_code_change", source: file://@tomlarkworthy/runtime-sdk (679)
[pid=51813][err] [0928/090713.462118:INFO:CONSOLE:679] "keepalive: dynamic observe check_for_code_change", source: file://@tomlarkworthy/runtime-sdk (679)
[pid=51813][err] [0928/090713.462178:INFO:CONSOLE:679] "keepalive: dynamic observe check_for_code_change", source: file://@tomlarkworthy/runtime-sdk (679)
[pid=51813][err] [0928/090713.462231:INFO:CONSOLE:679] "keepalive: dynamic observe check_for_code_change", source: file://@tomlarkworthy/runtime-sdk (679)
[pid=51813][err] [0928/090713.462278:INFO:CONSOLE:679] "keepalive: dynamic observe check_for_code_change", source: file://@tomlarkworthy/runtime-sdk (679)
[pid=51813][err] [0928/090713.462328:INFO:CONSOLE:679] "keepalive: dynamic observe check_for_code_change", source: file://@tomlarkworthy/runtime-sdk (679)
[pid=51813][err] [0928/090713.462375:INFO:CONSOLE:679] "keepalive: dynamic observe check_for_code_change", source: file://@tomlarkworthy/runtime-sdk (679)
[pid=51813][err] [0928/090713.462424:INFO:CONSOLE:679] "keepalive: dynamic observe check_for_code_change", source: file://@tomlarkworthy/runtime-sdk (679)
[pid=51813][err] [0928/090713.462471:INFO:CONSOLE:679] "keepalive: dynamic observe check_for_code_change", source: file://@tomlarkworthy/runtime-sdk (679)
[pid=51813][err] [0928/090713.462520:INFO:CONSOLE:679] "keepalive: dynamic observe check_for_code_change", source: file://@tomlarkworthy/runtime-sdk (679)
[pid=51813][err] [0928/090713.462566:INFO:CONSOLE:679] "keepalive: dynamic observe check_for_code_change", source: file://@tomlarkworthy/runtime-sdk (679)
[pid=51813][err] [0928/090713.462619:INFO:CONSOLE:679] "keepalive: dynamic observe check_for_code_change", source: file://@tomlarkworthy/runtime-sdk (679)
[pid=51813][err] [0928/090713.462658:INFO:CONSOLE:679] "keepalive: dynamic observe check_for_code_change", source: file://@tomlarkworthy/runtime-sdk (679)
[pid=51813][err] [0928/090713.462701:INFO:CONSOLE:679] "keepalive: dynamic observe check_for_code_change", source: file://@tomlarkworthy/runtime-sdk (679)
[pid=51813][err] [0928/090713.462745:INFO:CONSOLE:679] "keepalive: dynamic observe check_for_code_change", source: file://@tomlarkworthy/runtime-sdk (679)
[pid=51813][err] [0928/090713.462792:INFO:CONSOLE:679] "keepalive: dynamic observe check_for_code_change", source: file://@tomlarkworthy/runtime-sdk (679)
[pid=51813][err] [0928/090713.462851:INFO:CONSOLE:679] "keepalive: dynamic observe check_for_code_change", source: file://@tomlarkworthy/runtime-sdk (679)
[pid=51813][err] [0928/090713.462894:INFO:CONSOLE:679] "keepalive: dynamic observe check_for_code_change", source: file://@tomlarkworthy/runtime-sdk (679)
[pid=51813][err] [0928/090713.462943:INFO:CONSOLE:679] "keepalive: dynamic observe check_for_code_change", source: file://@tomlarkworthy/runtime-sdk (679)
[pid=51813][err] [0928/090713.462991:INFO:CONSOLE:679] "keepalive: dynamic observe check_for_code_change", source: file://@tomlarkworthy/runtime-sdk (679)
[pid=51813][err] [0928/090713.463042:INFO:CONSOLE:679] "keepalive: dynamic observe check_for_code_change", source: file://@tomlarkworthy/runtime-sdk (679)
[pid=51813][err] [0928/090713.463088:INFO:CONSOLE:679] "keepalive: dynamic observe check_for_code_change", source: file://@tomlarkworthy/runtime-sdk (679)
[pid=51813][err] [0928/090713.463132:INFO:CONSOLE:679] "keepalive: dynamic observe check_for_code_change", source: file://@tomlarkworthy/runtime-sdk (679)
[pid=51813][err] [0928/090713.463188:INFO:CONSOLE:679] "keepalive: dynamic observe check_for_code_change", source: file://@tomlarkworthy/runtime-sdk (679)
[pid=51813][err] [0928/090713.463219:INFO:CONSOLE:679] "keepalive: dynamic observe check_for_code_change", source: file://@tomlarkworthy/runtime-sdk (679)
[pid=51813][err] [0928/090713.477691:INFO:CONSOLE:431] "modules", source: file://@tomlarkworthy/module-map (431)
[pid=51813][err] [0928/090713.482871:INFO:CONSOLE:640] "notebookImportMatches", source: file://@tomlarkworthy/module-map (640)
[pid=51813][err] [0928/090713.482906:INFO:CONSOLE:591] "pageImportMatch", source: file://@tomlarkworthy/module-map (591)
[pid=51813][err] [0928/090713.482928:INFO:CONSOLE:502] "resolve_modules", source: file://@tomlarkworthy/module-map (502)
[pid=51813][err] [0928/090713.483572:INFO:CONSOLE:679] "keepalive: dynamic observe editor_jobs", source: file://@tomlarkworthy/runtime-sdk (679)
[pid=51813][err] [0928/090713.484584:INFO:CONSOLE:679] "keepalive: dynamic observe editor_jobs", source: file://@tomlarkworthy/runtime-sdk (679)
[pid=51813][err] [0928/090713.525763:INFO:CONSOLE:679] "keepalive: dynamic observe rc5_boot", source: file://@tomlarkworthy/runtime-sdk (679)
[pid=51813][err] [0928/090713.528537:INFO:CONSOLE:742] "generate summary", source: file://@tomlarkworthy/module-map (742)
[pid=51813][err] [0928/090713.528610:INFO:CONSOLE:823] "error building module dependancy map [object Object] undefined", source: file://@tomlarkworthy/module-map (823)
[pid=51813][err] [0928/090713.528660:INFO:CONSOLE:823] "error building module dependancy map [object Object] undefined", source: file://@tomlarkworthy/module-map (823)
[pid=51813][err] [0928/090713.528702:INFO:CONSOLE:823] "error building module dependancy map [object Object] undefined", source: file://@tomlarkworthy/module-map (823)
[pid=51813][err] [0928/090713.528727:INFO:CONSOLE:823] "error building module dependancy map [object Object] undefined", source: file://@tomlarkworthy/module-map (823)
[pid=51813][err] [0928/090713.528751:INFO:CONSOLE:823] "error building module dependancy map [object Object] undefined", source: file://@tomlarkworthy/module-map (823)
[pid=51813][err] [0928/090713.528773:INFO:CONSOLE:823] "error building module dependancy map [object Object] undefined", source: file://@tomlarkworthy/module-map (823)
[pid=51813][err] [0928/090713.528793:INFO:CONSOLE:823] "error building module dependancy map [object Object] undefined", source: file://@tomlarkworthy/module-map (823)
[pid=51813][err] [0928/090713.528811:INFO:CONSOLE:823] "error building module dependancy map [object Object] undefined", source: file://@tomlarkworthy/module-map (823)
[pid=51813][err] [0928/090713.528834:INFO:CONSOLE:823] "error building module dependancy map [object Object] undefined", source: file://@tomlarkworthy/module-map (823)
[pid=51813][err] [0928/090713.528852:INFO:CONSOLE:839] "submit_summary", source: file://@tomlarkworthy/module-map (839)
[pid=51813][err] [0928/090713.530246:INFO:CONSOLE:679] "keepalive: dynamic observe check_for_code_change", source: file://@tomlarkworthy/runtime-sdk (679)
[pid=51813][err] [0928/090713.531631:INFO:CONSOLE:538] "notebookImports", source: file://@tomlarkworthy/module-map (538)
[pid=51813][err] [0928/090713.531877:INFO:CONSOLE:566] "notebookImportVariables", source: file://@tomlarkworthy/module-map (566)
[pid=51813][err] [0928/090713.531972:INFO:CONSOLE:366] "module_definition_variables", source: file://@tomlarkworthy/module-map (366)
[pid=51813][err] [0928/090713.536038:INFO:CONSOLE:679] "keepalive: dynamic observe maintain_live_cell_map", source: file://@tomlarkworthy/runtime-sdk (679)
[pid=51813][err] [0928/090713.542145:INFO:CONSOLE:679] "keepalive: dynamic observe editor_jobs", source: file://@tomlarkworthy/runtime-sdk (679)
[pid=51813][err] [0928/090713.542576:INFO:CONSOLE:679] "keepalive: dynamic observe check_for_code_change", source: file://@tomlarkworthy/runtime-sdk (679)
[pid=51813][err] [0928/090713.542641:INFO:CONSOLE:679] "keepalive: dynamic observe check_for_code_change", source: file://@tomlarkworthy/runtime-sdk (679)
[pid=51813][err] [0928/090713.542688:INFO:CONSOLE:679] "keepalive: dynamic observe check_for_code_change", source: file://@tomlarkworthy/runtime-sdk (679)
[pid=51813][err] [0928/090713.542727:INFO:CONSOLE:679] "keepalive: dynamic observe check_for_code_change", source: file://@tomlarkworthy/runtime-sdk (679)
[pid=51813][err] [0928/090713.542773:INFO:CONSOLE:679] "keepalive: dynamic observe check_for_code_change", source: file://@tomlarkworthy/runtime-sdk (679)
[pid=51813][err] [0928/090713.542814:INFO:CONSOLE:679] "keepalive: dynamic observe check_for_code_change", source: file://@tomlarkworthy/runtime-sdk (679)
[pid=51813][err] [0928/090713.542842:INFO:CONSOLE:679] "keepalive: dynamic observe check_for_code_change", source: file://@tomlarkworthy/runtime-sdk (679)
[pid=51813][err] [0928/090713.542896:INFO:CONSOLE:679] "keepalive: dynamic observe check_for_code_change", source: file://@tomlarkworthy/runtime-sdk (679)
[pid=51813][err] [0928/090713.542934:INFO:CONSOLE:679] "keepalive: dynamic observe check_for_code_change", source: file://@tomlarkworthy/runtime-sdk (679)
[pid=51813][err] [0928/090713.542972:INFO:CONSOLE:679] "keepalive: dynamic observe check_for_code_change", source: file://@tomlarkworthy/runtime-sdk (679)
[pid=51813][err] [0928/090713.543020:INFO:CONSOLE:679] "keepalive: dynamic observe check_for_code_change", source: file://@tomlarkworthy/runtime-sdk (679)
[pid=51813][err] [0928/090713.543054:INFO:CONSOLE:679] "keepalive: dynamic observe check_for_code_change", source: file://@tomlarkworthy/runtime-sdk (679)
[pid=51813][err] [0928/090713.543099:INFO:CONSOLE:679] "keepalive: dynamic observe check_for_code_change", source: file://@tomlarkworthy/runtime-sdk (679)
[pid=51813][err] [0928/090713.543160:INFO:CONSOLE:679] "keepalive: dynamic observe check_for_code_change", source: file://@tomlarkworthy/runtime-sdk (679)
[pid=51813][err] [0928/090713.543188:INFO:CONSOLE:679] "keepalive: dynamic observe check_for_code_change", source: file://@tomlarkworthy/runtime-sdk (679)
[pid=51813][err] [0928/090713.543226:INFO:CONSOLE:679] "keepalive: dynamic observe check_for_code_change", source: file://@tomlarkworthy/runtime-sdk (679)
[pid=51813][err] [0928/090713.543274:INFO:CONSOLE:679] "keepalive: dynamic observe check_for_code_change", source: file://@tomlarkworthy/runtime-sdk (679)
[pid=51813][err] [0928/090713.543318:INFO:CONSOLE:679] "keepalive: dynamic observe check_for_code_change", source: file://@tomlarkworthy/runtime-sdk (679)
[pid=51813][err] [0928/090713.543361:INFO:CONSOLE:679] "keepalive: dynamic observe check_for_code_change", source: file://@tomlarkworthy/runtime-sdk (679)
[pid=51813][err] [0928/090713.543398:INFO:CONSOLE:679] "keepalive: dynamic observe check_for_code_change", source: file://@tomlarkworthy/runtime-sdk (679)
[pid=51813][err] [0928/090713.543440:INFO:CONSOLE:679] "keepalive: dynamic observe check_for_code_change", source: file://@tomlarkworthy/runtime-sdk (679)
[pid=51813][err] [0928/090713.543510:INFO:CONSOLE:679] "keepalive: dynamic observe check_for_code_change", source: file://@tomlarkworthy/runtime-sdk (679)
[pid=51813][err] [0928/090713.543547:INFO:CONSOLE:679] "keepalive: dynamic observe check_for_code_change", source: file://@tomlarkworthy/runtime-sdk (679)
[pid=51813][err] [0928/090713.543579:INFO:CONSOLE:679] "keepalive: dynamic observe check_for_code_change", source: file://@tomlarkworthy/runtime-sdk (679)
[pid=51813][err] [0928/090713.543615:INFO:CONSOLE:679] "keepalive: dynamic observe check_for_code_change", source: file://@tomlarkworthy/runtime-sdk (679)
[pid=51813][err] [0928/090713.543657:INFO:CONSOLE:679] "keepalive: dynamic observe check_for_code_change", source: file://@tomlarkworthy/runtime-sdk (679)
[pid=51813][err] [0928/090713.543694:INFO:CONSOLE:679] "keepalive: dynamic observe check_for_code_change", source: file://@tomlarkworthy/runtime-sdk (679)
[pid=51813][err] [0928/090713.543751:INFO:CONSOLE:679] "keepalive: dynamic observe check_for_code_change", source: file://@tomlarkworthy/runtime-sdk (679)
[pid=51813][err] [0928/090713.543791:INFO:CONSOLE:679] "keepalive: dynamic observe check_for_code_change", source: file://@tomlarkworthy/runtime-sdk (679)
[pid=51813][err] [0928/090713.543837:INFO:CONSOLE:679] "keepalive: dynamic observe check_for_code_change", source: file://@tomlarkworthy/runtime-sdk (679)
[pid=51813][err] [0928/090713.552497:INFO:CONSOLE:679] "keepalive: dynamic observe check_for_code_change", source: file://@tomlarkworthy/runtime-sdk (679)
[pid=51813][err] [0928/090713.557939:INFO:CONSOLE:431] "modules", source: file://@tomlarkworthy/module-map (431)
[pid=51813][err] [0928/090713.562324:INFO:CONSOLE:640] "notebookImportMatches", source: file://@tomlarkworthy/module-map (640)
[pid=51813][err] [0928/090713.562354:INFO:CONSOLE:591] "pageImportMatch", source: file://@tomlarkworthy/module-map (591)
[pid=51813][err] [0928/090713.562372:INFO:CONSOLE:502] "resolve_modules", source: file://@tomlarkworthy/module-map (502)
[pid=51813][err] [0928/090713.562734:INFO:CONSOLE:742] "generate summary", source: file://@tomlarkworthy/module-map (742)
[pid=51813][err] [0928/090713.562795:INFO:CONSOLE:823] "error building module dependancy map [object Object] undefined", source: file://@tomlarkworthy/module-map (823)
[pid=51813][err] [0928/090713.562840:INFO:CONSOLE:823] "error building module dependancy map [object Object] undefined", source: file://@tomlarkworthy/module-map (823)
[pid=51813][err] [0928/090713.562859:INFO:CONSOLE:823] "error building module dependancy map [object Object] undefined", source: file://@tomlarkworthy/module-map (823)
[pid=51813][err] [0928/090713.562883:INFO:CONSOLE:823] "error building module dependancy map [object Object] undefined", source: file://@tomlarkworthy/module-map (823)
[pid=51813][err] [0928/090713.562902:INFO:CONSOLE:823] "error building module dependancy map [object Object] undefined", source: file://@tomlarkworthy/module-map (823)
[pid=51813][err] [0928/090713.562920:INFO:CONSOLE:823] "error building module dependancy map [object Object] undefined", source: file://@tomlarkworthy/module-map (823)
[pid=51813][err] [0928/090713.562939:INFO:CONSOLE:823] "error building module dependancy map [object Object] undefined", source: file://@tomlarkworthy/module-map (823)
[pid=51813][err] [0928/090713.562957:INFO:CONSOLE:823] "error building module dependancy map [object Object] undefined", source: file://@tomlarkworthy/module-map (823)
[pid=51813][err] [0928/090713.562974:INFO:CONSOLE:823] "error building module dependancy map [object Object] undefined", source: file://@tomlarkworthy/module-map (823)
[pid=51813][err] [0928/090713.562997:INFO:CONSOLE:839] "submit_summary", source: file://@tomlarkworthy/module-map (839)
[pid=51813][err] [0928/090713.563010:INFO:CONSOLE:679] "keepalive: dynamic observe submit_summary", source: file://@tomlarkworthy/runtime-sdk (679)
[pid=51813][err] [0928/090713.563031:INFO:CONSOLE:679] "keepalive: dynamic observe sync_modules", source: file://@tomlarkworthy/runtime-sdk (679)
[pid=51813][err] [0928/090713.563050:INFO:CONSOLE:679] "keepalive: dynamic observe currentModules", source: file://@tomlarkworthy/runtime-sdk (679)
[pid=51813][err] [0928/090713.563224:INFO:CONSOLE:538] "notebookImports", source: file://@tomlarkworthy/module-map (538)
[pid=51813][err] [0928/090713.563434:INFO:CONSOLE:566] "notebookImportVariables", source: file://@tomlarkworthy/module-map (566)
[pid=51813][err] [0928/090713.563532:INFO:CONSOLE:366] "module_definition_variables", source: file://@tomlarkworthy/module-map (366)
[pid=51813][err] [0928/090713.567635:INFO:CONSOLE:679] "keepalive: dynamic observe editor_jobs", source: file://@tomlarkworthy/runtime-sdk (679)
[pid=51813][err] [0928/090713.577925:INFO:CONSOLE:679] "keepalive: dynamic observe editor_jobs", source: file://@tomlarkworthy/runtime-sdk (679)
[pid=51813][err] [0928/090713.578024:INFO:CONSOLE:679] "keepalive: dynamic observe check_for_code_change", source: file://@tomlarkworthy/runtime-sdk (679)
[pid=51813][err] [0928/090713.578080:INFO:CONSOLE:679] "keepalive: dynamic observe check_for_code_change", source: file://@tomlarkworthy/runtime-sdk (679)
[pid=51813][err] [0928/090713.578123:INFO:CONSOLE:679] "keepalive: dynamic observe check_for_code_change", source: file://@tomlarkworthy/runtime-sdk (679)
[pid=51813][err] [0928/090713.578161:INFO:CONSOLE:679] "keepalive: dynamic observe check_for_code_change", source: file://@tomlarkworthy/runtime-sdk (679)
[pid=51813][err] [0928/090713.578205:INFO:CONSOLE:679] "keepalive: dynamic observe check_for_code_change", source: file://@tomlarkworthy/runtime-sdk (679)
[pid=51813][err] [0928/090713.578237:INFO:CONSOLE:679] "keepalive: dynamic observe check_for_code_change", source: file://@tomlarkworthy/runtime-sdk (679)
[pid=51813][err] [0928/090713.578275:INFO:CONSOLE:679] "keepalive: dynamic observe check_for_code_change", source: file://@tomlarkworthy/runtime-sdk (679)
[pid=51813][err] [0928/090713.578311:INFO:CONSOLE:679] "keepalive: dynamic observe check_for_code_change", source: file://@tomlarkworthy/runtime-sdk (679)
[pid=51813][err] [0928/090713.578349:INFO:CONSOLE:679] "keepalive: dynamic observe check_for_code_change", source: file://@tomlarkworthy/runtime-sdk (679)
[pid=51813][err] [0928/090713.578383:INFO:CONSOLE:679] "keepalive: dynamic observe check_for_code_change", source: file://@tomlarkworthy/runtime-sdk (679)
[pid=51813][err] [0928/090713.578417:INFO:CONSOLE:679] "keepalive: dynamic observe check_for_code_change", source: file://@tomlarkworthy/runtime-sdk (679)
[pid=51813][err] [0928/090713.578447:INFO:CONSOLE:679] "keepalive: dynamic observe check_for_code_change", source: file://@tomlarkworthy/runtime-sdk (679)
[pid=51813][err] [0928/090713.578485:INFO:CONSOLE:679] "keepalive: dynamic observe check_for_code_change", source: file://@tomlarkworthy/runtime-sdk (679)
[pid=51813][err] [0928/090713.578524:INFO:CONSOLE:679] "keepalive: dynamic observe check_for_code_change", source: file://@tomlarkworthy/runtime-sdk (679)
[pid=51813][err] [0928/090713.578566:INFO:CONSOLE:679] "keepalive: dynamic observe check_for_code_change", source: file://@tomlarkworthy/runtime-sdk (679)
[pid=51813][err] [0928/090713.578602:INFO:CONSOLE:679] "keepalive: dynamic observe check_for_code_change", source: file://@tomlarkworthy/runtime-sdk (679)
[pid=51813][err] [0928/090713.578637:INFO:CONSOLE:679] "keepalive: dynamic observe check_for_code_change", source: file://@tomlarkworthy/runtime-sdk (679)
[pid=51813][err] [0928/090713.578672:INFO:CONSOLE:679] "keepalive: dynamic observe check_for_code_change", source: file://@tomlarkworthy/runtime-sdk (679)
[pid=51813][err] [0928/090713.578702:INFO:CONSOLE:679] "keepalive: dynamic observe check_for_code_change", source: file://@tomlarkworthy/runtime-sdk (679)
[pid=51813][err] [0928/090713.578732:INFO:CONSOLE:679] "keepalive: dynamic observe check_for_code_change", source: file://@tomlarkworthy/runtime-sdk (679)
[pid=51813][err] [0928/090713.581721:INFO:CONSOLE:431] "modules", source: file://@tomlarkworthy/module-map (431)
[pid=51813][err] [0928/090713.586389:INFO:CONSOLE:640] "notebookImportMatches", source: file://@tomlarkworthy/module-map (640)
[pid=51813][err] [0928/090713.586419:INFO:CONSOLE:591] "pageImportMatch", source: file://@tomlarkworthy/module-map (591)
[pid=51813][err] [0928/090713.586444:INFO:CONSOLE:502] "resolve_modules", source: file://@tomlarkworthy/module-map (502)
[pid=51813][err] [0928/090713.586705:INFO:CONSOLE:742] "generate summary", source: file://@tomlarkworthy/module-map (742)
[pid=51813][err] [0928/090713.586747:INFO:CONSOLE:823] "error building module dependancy map [object Object] undefined", source: file://@tomlarkworthy/module-map (823)
[pid=51813][err] [0928/090713.586790:INFO:CONSOLE:823] "error building module dependancy map [object Object] undefined", source: file://@tomlarkworthy/module-map (823)
[pid=51813][err] [0928/090713.586837:INFO:CONSOLE:823] "error building module dependancy map [object Object] undefined", source: file://@tomlarkworthy/module-map (823)
[pid=51813][err] [0928/090713.586857:INFO:CONSOLE:823] "error building module dependancy map [object Object] undefined", source: file://@tomlarkworthy/module-map (823)
[pid=51813][err] [0928/090713.586877:INFO:CONSOLE:823] "error building module dependancy map [object Object] undefined", source: file://@tomlarkworthy/module-map (823)
[pid=51813][err] [0928/090713.586896:INFO:CONSOLE:823] "error building module dependancy map [object Object] undefined", source: file://@tomlarkworthy/module-map (823)
[pid=51813][err] [0928/090713.586913:INFO:CONSOLE:823] "error building module dependancy map [object Object] undefined", source: file://@tomlarkworthy/module-map (823)
[pid=51813][err] [0928/090713.586926:INFO:CONSOLE:823] "error building module dependancy map [object Object] undefined", source: file://@tomlarkworthy/module-map (823)
[pid=51813][err] [0928/090713.586937:INFO:CONSOLE:823] "error building module dependancy map [object Object] undefined", source: file://@tomlarkworthy/module-map (823)
[pid=51813][err] [0928/090713.586949:INFO:CONSOLE:839] "submit_summary", source: file://@tomlarkworthy/module-map (839)
[pid=51813][err] [0928/090713.597337:INFO:CONSOLE:679] "keepalive: dynamic observe submit_summary", source: file://@tomlarkworthy/runtime-sdk (679)
[pid=51813][err] [0928/090713.597378:INFO:CONSOLE:679] "keepalive: dynamic observe sync_modules", source: file://@tomlarkworthy/runtime-sdk (679)
[pid=51813][err] [0928/090713.597396:INFO:CONSOLE:679] "keepalive: dynamic observe currentModules", source: file://@tomlarkworthy/runtime-sdk (679)
[pid=51813][err] [0928/090713.605527:INFO:CONSOLE:538] "notebookImports", source: file://@tomlarkworthy/module-map (538)
[pid=51813][err] [0928/090713.610690:INFO:CONSOLE:566] "notebookImportVariables", source: file://@tomlarkworthy/module-map (566)
[pid=51813][err] [0928/090713.610767:INFO:CONSOLE:366] "module_definition_variables", source: file://@tomlarkworthy/module-map (366)
[pid=51813] <gracefully close start>
[pid=51813] <forcefully close>
[pid=51813] <kill>
[pid=51813] <will force kill>
    at /Users/tom.larkworthy/dev/lopecode-dev/tools/scratch/important-modules/A/s39-act.mjs:46:25 {
  log: []
}

Node.js v26.7.0
