[s39] booted, writing
node:internal/modules/run_main:107
    triggerUncaughtException(
    ^

page.evaluate: Target page, context or browser has been closed
Browser logs:

[pid=49116][err] [0928/090347.143479:INFO:CONSOLE:679] "keepalive: dynamic observe check_for_code_change", source: file://@tomlarkworthy/runtime-sdk (679)
[pid=49116][err] [0928/090347.143514:INFO:CONSOLE:679] "keepalive: dynamic observe check_for_code_change", source: file://@tomlarkworthy/runtime-sdk (679)
[pid=49116][err] [0928/090347.143565:INFO:CONSOLE:679] "keepalive: dynamic observe check_for_code_change", source: file://@tomlarkworthy/runtime-sdk (679)
[pid=49116][err] [0928/090347.143829:INFO:CONSOLE:679] "keepalive: dynamic observe check_for_code_change", source: file://@tomlarkworthy/runtime-sdk (679)
[pid=49116][err] [0928/090347.143907:INFO:CONSOLE:679] "keepalive: dynamic observe check_for_code_change", source: file://@tomlarkworthy/runtime-sdk (679)
[pid=49116][err] [0928/090347.143955:INFO:CONSOLE:679] "keepalive: dynamic observe check_for_code_change", source: file://@tomlarkworthy/runtime-sdk (679)
[pid=49116][err] [0928/090347.144012:INFO:CONSOLE:679] "keepalive: dynamic observe check_for_code_change", source: file://@tomlarkworthy/runtime-sdk (679)
[pid=49116][err] [0928/090347.144073:INFO:CONSOLE:679] "keepalive: dynamic observe check_for_code_change", source: file://@tomlarkworthy/runtime-sdk (679)
[pid=49116][err] [0928/090347.144128:INFO:CONSOLE:679] "keepalive: dynamic observe check_for_code_change", source: file://@tomlarkworthy/runtime-sdk (679)
[pid=49116][err] [0928/090347.144190:INFO:CONSOLE:679] "keepalive: dynamic observe check_for_code_change", source: file://@tomlarkworthy/runtime-sdk (679)
[pid=49116][err] [0928/090347.144242:INFO:CONSOLE:679] "keepalive: dynamic observe check_for_code_change", source: file://@tomlarkworthy/runtime-sdk (679)
[pid=49116][err] [0928/090347.144300:INFO:CONSOLE:679] "keepalive: dynamic observe check_for_code_change", source: file://@tomlarkworthy/runtime-sdk (679)
[pid=49116][err] [0928/090347.144350:INFO:CONSOLE:679] "keepalive: dynamic observe check_for_code_change", source: file://@tomlarkworthy/runtime-sdk (679)
[pid=49116][err] [0928/090347.144397:INFO:CONSOLE:679] "keepalive: dynamic observe check_for_code_change", source: file://@tomlarkworthy/runtime-sdk (679)
[pid=49116][err] [0928/090347.144446:INFO:CONSOLE:679] "keepalive: dynamic observe check_for_code_change", source: file://@tomlarkworthy/runtime-sdk (679)
[pid=49116][err] [0928/090347.144510:INFO:CONSOLE:679] "keepalive: dynamic observe check_for_code_change", source: file://@tomlarkworthy/runtime-sdk (679)
[pid=49116][err] [0928/090347.144544:INFO:CONSOLE:679] "keepalive: dynamic observe check_for_code_change", source: file://@tomlarkworthy/runtime-sdk (679)
[pid=49116][err] [0928/090347.144600:INFO:CONSOLE:679] "keepalive: dynamic observe check_for_code_change", source: file://@tomlarkworthy/runtime-sdk (679)
[pid=49116][err] [0928/090347.144655:INFO:CONSOLE:679] "keepalive: dynamic observe check_for_code_change", source: file://@tomlarkworthy/runtime-sdk (679)
[pid=49116][err] [0928/090347.144700:INFO:CONSOLE:679] "keepalive: dynamic observe check_for_code_change", source: file://@tomlarkworthy/runtime-sdk (679)
[pid=49116][err] [0928/090347.144744:INFO:CONSOLE:679] "keepalive: dynamic observe check_for_code_change", source: file://@tomlarkworthy/runtime-sdk (679)
[pid=49116][err] [0928/090347.144792:INFO:CONSOLE:679] "keepalive: dynamic observe check_for_code_change", source: file://@tomlarkworthy/runtime-sdk (679)
[pid=49116][err] [0928/090347.144839:INFO:CONSOLE:679] "keepalive: dynamic observe check_for_code_change", source: file://@tomlarkworthy/runtime-sdk (679)
[pid=49116][err] [0928/090347.144880:INFO:CONSOLE:679] "keepalive: dynamic observe check_for_code_change", source: file://@tomlarkworthy/runtime-sdk (679)
[pid=49116][err] [0928/090347.144923:INFO:CONSOLE:679] "keepalive: dynamic observe check_for_code_change", source: file://@tomlarkworthy/runtime-sdk (679)
[pid=49116][err] [0928/090347.144971:INFO:CONSOLE:679] "keepalive: dynamic observe check_for_code_change", source: file://@tomlarkworthy/runtime-sdk (679)
[pid=49116][err] [0928/090347.145012:INFO:CONSOLE:679] "keepalive: dynamic observe check_for_code_change", source: file://@tomlarkworthy/runtime-sdk (679)
[pid=49116][err] [0928/090347.160712:INFO:CONSOLE:431] "modules", source: file://@tomlarkworthy/module-map (431)
[pid=49116][err] [0928/090347.165874:INFO:CONSOLE:640] "notebookImportMatches", source: file://@tomlarkworthy/module-map (640)
[pid=49116][err] [0928/090347.165906:INFO:CONSOLE:591] "pageImportMatch", source: file://@tomlarkworthy/module-map (591)
[pid=49116][err] [0928/090347.165926:INFO:CONSOLE:502] "resolve_modules", source: file://@tomlarkworthy/module-map (502)
[pid=49116][err] [0928/090347.166569:INFO:CONSOLE:679] "keepalive: dynamic observe editor_jobs", source: file://@tomlarkworthy/runtime-sdk (679)
[pid=49116][err] [0928/090347.167574:INFO:CONSOLE:679] "keepalive: dynamic observe editor_jobs", source: file://@tomlarkworthy/runtime-sdk (679)
[pid=49116][err] [0928/090347.192147:INFO:CONSOLE:679] "keepalive: dynamic observe rc5_boot", source: file://@tomlarkworthy/runtime-sdk (679)
[pid=49116][err] [0928/090347.194422:INFO:CONSOLE:742] "generate summary", source: file://@tomlarkworthy/module-map (742)
[pid=49116][err] [0928/090347.194497:INFO:CONSOLE:823] "error building module dependancy map [object Object] undefined", source: file://@tomlarkworthy/module-map (823)
[pid=49116][err] [0928/090347.194544:INFO:CONSOLE:823] "error building module dependancy map [object Object] undefined", source: file://@tomlarkworthy/module-map (823)
[pid=49116][err] [0928/090347.194574:INFO:CONSOLE:823] "error building module dependancy map [object Object] undefined", source: file://@tomlarkworthy/module-map (823)
[pid=49116][err] [0928/090347.194592:INFO:CONSOLE:823] "error building module dependancy map [object Object] undefined", source: file://@tomlarkworthy/module-map (823)
[pid=49116][err] [0928/090347.194615:INFO:CONSOLE:823] "error building module dependancy map [object Object] undefined", source: file://@tomlarkworthy/module-map (823)
[pid=49116][err] [0928/090347.194639:INFO:CONSOLE:823] "error building module dependancy map [object Object] undefined", source: file://@tomlarkworthy/module-map (823)
[pid=49116][err] [0928/090347.194662:INFO:CONSOLE:823] "error building module dependancy map [object Object] undefined", source: file://@tomlarkworthy/module-map (823)
[pid=49116][err] [0928/090347.194680:INFO:CONSOLE:823] "error building module dependancy map [object Object] undefined", source: file://@tomlarkworthy/module-map (823)
[pid=49116][err] [0928/090347.194699:INFO:CONSOLE:823] "error building module dependancy map [object Object] undefined", source: file://@tomlarkworthy/module-map (823)
[pid=49116][err] [0928/090347.194720:INFO:CONSOLE:839] "submit_summary", source: file://@tomlarkworthy/module-map (839)
[pid=49116][err] [0928/090347.196202:INFO:CONSOLE:679] "keepalive: dynamic observe check_for_code_change", source: file://@tomlarkworthy/runtime-sdk (679)
[pid=49116][err] [0928/090347.197476:INFO:CONSOLE:538] "notebookImports", source: file://@tomlarkworthy/module-map (538)
[pid=49116][err] [0928/090347.197758:INFO:CONSOLE:566] "notebookImportVariables", source: file://@tomlarkworthy/module-map (566)
[pid=49116][err] [0928/090347.197838:INFO:CONSOLE:366] "module_definition_variables", source: file://@tomlarkworthy/module-map (366)
[pid=49116][err] [0928/090347.201394:INFO:CONSOLE:679] "keepalive: dynamic observe maintain_live_cell_map", source: file://@tomlarkworthy/runtime-sdk (679)
[pid=49116][err] [0928/090347.208174:INFO:CONSOLE:679] "keepalive: dynamic observe editor_jobs", source: file://@tomlarkworthy/runtime-sdk (679)
[pid=49116][err] [0928/090347.208577:INFO:CONSOLE:679] "keepalive: dynamic observe check_for_code_change", source: file://@tomlarkworthy/runtime-sdk (679)
[pid=49116][err] [0928/090347.208642:INFO:CONSOLE:679] "keepalive: dynamic observe check_for_code_change", source: file://@tomlarkworthy/runtime-sdk (679)
[pid=49116][err] [0928/090347.208671:INFO:CONSOLE:679] "keepalive: dynamic observe check_for_code_change", source: file://@tomlarkworthy/runtime-sdk (679)
[pid=49116][err] [0928/090347.208706:INFO:CONSOLE:679] "keepalive: dynamic observe check_for_code_change", source: file://@tomlarkworthy/runtime-sdk (679)
[pid=49116][err] [0928/090347.208747:INFO:CONSOLE:679] "keepalive: dynamic observe check_for_code_change", source: file://@tomlarkworthy/runtime-sdk (679)
[pid=49116][err] [0928/090347.208786:INFO:CONSOLE:679] "keepalive: dynamic observe check_for_code_change", source: file://@tomlarkworthy/runtime-sdk (679)
[pid=49116][err] [0928/090347.208817:INFO:CONSOLE:679] "keepalive: dynamic observe check_for_code_change", source: file://@tomlarkworthy/runtime-sdk (679)
[pid=49116][err] [0928/090347.208864:INFO:CONSOLE:679] "keepalive: dynamic observe check_for_code_change", source: file://@tomlarkworthy/runtime-sdk (679)
[pid=49116][err] [0928/090347.208906:INFO:CONSOLE:679] "keepalive: dynamic observe check_for_code_change", source: file://@tomlarkworthy/runtime-sdk (679)
[pid=49116][err] [0928/090347.208943:INFO:CONSOLE:679] "keepalive: dynamic observe check_for_code_change", source: file://@tomlarkworthy/runtime-sdk (679)
[pid=49116][err] [0928/090347.208989:INFO:CONSOLE:679] "keepalive: dynamic observe check_for_code_change", source: file://@tomlarkworthy/runtime-sdk (679)
[pid=49116][err] [0928/090347.209037:INFO:CONSOLE:679] "keepalive: dynamic observe check_for_code_change", source: file://@tomlarkworthy/runtime-sdk (679)
[pid=49116][err] [0928/090347.209078:INFO:CONSOLE:679] "keepalive: dynamic observe check_for_code_change", source: file://@tomlarkworthy/runtime-sdk (679)
[pid=49116][err] [0928/090347.209121:INFO:CONSOLE:679] "keepalive: dynamic observe check_for_code_change", source: file://@tomlarkworthy/runtime-sdk (679)
[pid=49116][err] [0928/090347.209153:INFO:CONSOLE:679] "keepalive: dynamic observe check_for_code_change", source: file://@tomlarkworthy/runtime-sdk (679)
[pid=49116][err] [0928/090347.209194:INFO:CONSOLE:679] "keepalive: dynamic observe check_for_code_change", source: file://@tomlarkworthy/runtime-sdk (679)
[pid=49116][err] [0928/090347.209237:INFO:CONSOLE:679] "keepalive: dynamic observe check_for_code_change", source: file://@tomlarkworthy/runtime-sdk (679)
[pid=49116][err] [0928/090347.209282:INFO:CONSOLE:679] "keepalive: dynamic observe check_for_code_change", source: file://@tomlarkworthy/runtime-sdk (679)
[pid=49116][err] [0928/090347.209319:INFO:CONSOLE:679] "keepalive: dynamic observe check_for_code_change", source: file://@tomlarkworthy/runtime-sdk (679)
[pid=49116][err] [0928/090347.209359:INFO:CONSOLE:679] "keepalive: dynamic observe check_for_code_change", source: file://@tomlarkworthy/runtime-sdk (679)
[pid=49116][err] [0928/090347.209397:INFO:CONSOLE:679] "keepalive: dynamic observe check_for_code_change", source: file://@tomlarkworthy/runtime-sdk (679)
[pid=49116][err] [0928/090347.209458:INFO:CONSOLE:679] "keepalive: dynamic observe check_for_code_change", source: file://@tomlarkworthy/runtime-sdk (679)
[pid=49116][err] [0928/090347.209493:INFO:CONSOLE:679] "keepalive: dynamic observe check_for_code_change", source: file://@tomlarkworthy/runtime-sdk (679)
[pid=49116][err] [0928/090347.209533:INFO:CONSOLE:679] "keepalive: dynamic observe check_for_code_change", source: file://@tomlarkworthy/runtime-sdk (679)
[pid=49116][err] [0928/090347.209576:INFO:CONSOLE:679] "keepalive: dynamic observe check_for_code_change", source: file://@tomlarkworthy/runtime-sdk (679)
[pid=49116][err] [0928/090347.209605:INFO:CONSOLE:679] "keepalive: dynamic observe check_for_code_change", source: file://@tomlarkworthy/runtime-sdk (679)
[pid=49116][err] [0928/090347.209650:INFO:CONSOLE:679] "keepalive: dynamic observe check_for_code_change", source: file://@tomlarkworthy/runtime-sdk (679)
[pid=49116][err] [0928/090347.209690:INFO:CONSOLE:679] "keepalive: dynamic observe check_for_code_change", source: file://@tomlarkworthy/runtime-sdk (679)
[pid=49116][err] [0928/090347.209727:INFO:CONSOLE:679] "keepalive: dynamic observe check_for_code_change", source: file://@tomlarkworthy/runtime-sdk (679)
[pid=49116][err] [0928/090347.209769:INFO:CONSOLE:679] "keepalive: dynamic observe check_for_code_change", source: file://@tomlarkworthy/runtime-sdk (679)
[pid=49116][err] [0928/090347.217747:INFO:CONSOLE:679] "keepalive: dynamic observe check_for_code_change", source: file://@tomlarkworthy/runtime-sdk (679)
[pid=49116][err] [0928/090347.222930:INFO:CONSOLE:431] "modules", source: file://@tomlarkworthy/module-map (431)
[pid=49116][err] [0928/090347.227391:INFO:CONSOLE:640] "notebookImportMatches", source: file://@tomlarkworthy/module-map (640)
[pid=49116][err] [0928/090347.227417:INFO:CONSOLE:591] "pageImportMatch", source: file://@tomlarkworthy/module-map (591)
[pid=49116][err] [0928/090347.227433:INFO:CONSOLE:502] "resolve_modules", source: file://@tomlarkworthy/module-map (502)
[pid=49116][err] [0928/090347.227802:INFO:CONSOLE:742] "generate summary", source: file://@tomlarkworthy/module-map (742)
[pid=49116][err] [0928/090347.227862:INFO:CONSOLE:823] "error building module dependancy map [object Object] undefined", source: file://@tomlarkworthy/module-map (823)
[pid=49116][err] [0928/090347.227924:INFO:CONSOLE:823] "error building module dependancy map [object Object] undefined", source: file://@tomlarkworthy/module-map (823)
[pid=49116][err] [0928/090347.227955:INFO:CONSOLE:823] "error building module dependancy map [object Object] undefined", source: file://@tomlarkworthy/module-map (823)
[pid=49116][err] [0928/090347.227971:INFO:CONSOLE:823] "error building module dependancy map [object Object] undefined", source: file://@tomlarkworthy/module-map (823)
[pid=49116][err] [0928/090347.227994:INFO:CONSOLE:823] "error building module dependancy map [object Object] undefined", source: file://@tomlarkworthy/module-map (823)
[pid=49116][err] [0928/090347.228013:INFO:CONSOLE:823] "error building module dependancy map [object Object] undefined", source: file://@tomlarkworthy/module-map (823)
[pid=49116][err] [0928/090347.228030:INFO:CONSOLE:823] "error building module dependancy map [object Object] undefined", source: file://@tomlarkworthy/module-map (823)
[pid=49116][err] [0928/090347.228047:INFO:CONSOLE:823] "error building module dependancy map [object Object] undefined", source: file://@tomlarkworthy/module-map (823)
[pid=49116][err] [0928/090347.228064:INFO:CONSOLE:823] "error building module dependancy map [object Object] undefined", source: file://@tomlarkworthy/module-map (823)
[pid=49116][err] [0928/090347.228085:INFO:CONSOLE:839] "submit_summary", source: file://@tomlarkworthy/module-map (839)
[pid=49116][err] [0928/090347.228102:INFO:CONSOLE:679] "keepalive: dynamic observe submit_summary", source: file://@tomlarkworthy/runtime-sdk (679)
[pid=49116][err] [0928/090347.228363:INFO:CONSOLE:679] "keepalive: dynamic observe sync_modules", source: file://@tomlarkworthy/runtime-sdk (679)
[pid=49116][err] [0928/090347.228386:INFO:CONSOLE:679] "keepalive: dynamic observe currentModules", source: file://@tomlarkworthy/runtime-sdk (679)
[pid=49116][err] [0928/090347.228577:INFO:CONSOLE:538] "notebookImports", source: file://@tomlarkworthy/module-map (538)
[pid=49116][err] [0928/090347.228792:INFO:CONSOLE:566] "notebookImportVariables", source: file://@tomlarkworthy/module-map (566)
[pid=49116][err] [0928/090347.228889:INFO:CONSOLE:366] "module_definition_variables", source: file://@tomlarkworthy/module-map (366)
[pid=49116][err] [0928/090347.232596:INFO:CONSOLE:679] "keepalive: dynamic observe editor_jobs", source: file://@tomlarkworthy/runtime-sdk (679)
[pid=49116][err] [0928/090347.244871:INFO:CONSOLE:679] "keepalive: dynamic observe editor_jobs", source: file://@tomlarkworthy/runtime-sdk (679)
[pid=49116][err] [0928/090347.244957:INFO:CONSOLE:679] "keepalive: dynamic observe check_for_code_change", source: file://@tomlarkworthy/runtime-sdk (679)
[pid=49116][err] [0928/090347.245025:INFO:CONSOLE:679] "keepalive: dynamic observe check_for_code_change", source: file://@tomlarkworthy/runtime-sdk (679)
[pid=49116][err] [0928/090347.245057:INFO:CONSOLE:679] "keepalive: dynamic observe check_for_code_change", source: file://@tomlarkworthy/runtime-sdk (679)
[pid=49116][err] [0928/090347.245100:INFO:CONSOLE:679] "keepalive: dynamic observe check_for_code_change", source: file://@tomlarkworthy/runtime-sdk (679)
[pid=49116][err] [0928/090347.245139:INFO:CONSOLE:679] "keepalive: dynamic observe check_for_code_change", source: file://@tomlarkworthy/runtime-sdk (679)
[pid=49116][err] [0928/090347.245191:INFO:CONSOLE:679] "keepalive: dynamic observe check_for_code_change", source: file://@tomlarkworthy/runtime-sdk (679)
[pid=49116][err] [0928/090347.245222:INFO:CONSOLE:679] "keepalive: dynamic observe check_for_code_change", source: file://@tomlarkworthy/runtime-sdk (679)
[pid=49116][err] [0928/090347.245265:INFO:CONSOLE:679] "keepalive: dynamic observe check_for_code_change", source: file://@tomlarkworthy/runtime-sdk (679)
[pid=49116][err] [0928/090347.245299:INFO:CONSOLE:679] "keepalive: dynamic observe check_for_code_change", source: file://@tomlarkworthy/runtime-sdk (679)
[pid=49116][err] [0928/090347.245336:INFO:CONSOLE:679] "keepalive: dynamic observe check_for_code_change", source: file://@tomlarkworthy/runtime-sdk (679)
[pid=49116][err] [0928/090347.245376:INFO:CONSOLE:679] "keepalive: dynamic observe check_for_code_change", source: file://@tomlarkworthy/runtime-sdk (679)
[pid=49116][err] [0928/090347.245413:INFO:CONSOLE:679] "keepalive: dynamic observe check_for_code_change", source: file://@tomlarkworthy/runtime-sdk (679)
[pid=49116][err] [0928/090347.245452:INFO:CONSOLE:679] "keepalive: dynamic observe check_for_code_change", source: file://@tomlarkworthy/runtime-sdk (679)
[pid=49116][err] [0928/090347.245489:INFO:CONSOLE:679] "keepalive: dynamic observe check_for_code_change", source: file://@tomlarkworthy/runtime-sdk (679)
[pid=49116][err] [0928/090347.245523:INFO:CONSOLE:679] "keepalive: dynamic observe check_for_code_change", source: file://@tomlarkworthy/runtime-sdk (679)
[pid=49116][err] [0928/090347.245559:INFO:CONSOLE:679] "keepalive: dynamic observe check_for_code_change", source: file://@tomlarkworthy/runtime-sdk (679)
[pid=49116][err] [0928/090347.245595:INFO:CONSOLE:679] "keepalive: dynamic observe check_for_code_change", source: file://@tomlarkworthy/runtime-sdk (679)
[pid=49116][err] [0928/090347.245628:INFO:CONSOLE:679] "keepalive: dynamic observe check_for_code_change", source: file://@tomlarkworthy/runtime-sdk (679)
[pid=49116][err] [0928/090347.245661:INFO:CONSOLE:679] "keepalive: dynamic observe check_for_code_change", source: file://@tomlarkworthy/runtime-sdk (679)
[pid=49116][err] [0928/090347.245696:INFO:CONSOLE:679] "keepalive: dynamic observe check_for_code_change", source: file://@tomlarkworthy/runtime-sdk (679)
[pid=49116][err] [0928/090347.248399:INFO:CONSOLE:431] "modules", source: file://@tomlarkworthy/module-map (431)
[pid=49116][err] [0928/090347.252308:INFO:CONSOLE:640] "notebookImportMatches", source: file://@tomlarkworthy/module-map (640)
[pid=49116][err] [0928/090347.252334:INFO:CONSOLE:591] "pageImportMatch", source: file://@tomlarkworthy/module-map (591)
[pid=49116][err] [0928/090347.252350:INFO:CONSOLE:502] "resolve_modules", source: file://@tomlarkworthy/module-map (502)
[pid=49116][err] [0928/090347.252639:INFO:CONSOLE:742] "generate summary", source: file://@tomlarkworthy/module-map (742)
[pid=49116][err] [0928/090347.252680:INFO:CONSOLE:823] "error building module dependancy map [object Object] undefined", source: file://@tomlarkworthy/module-map (823)
[pid=49116][err] [0928/090347.252723:INFO:CONSOLE:823] "error building module dependancy map [object Object] undefined", source: file://@tomlarkworthy/module-map (823)
[pid=49116][err] [0928/090347.252756:INFO:CONSOLE:823] "error building module dependancy map [object Object] undefined", source: file://@tomlarkworthy/module-map (823)
[pid=49116][err] [0928/090347.252777:INFO:CONSOLE:823] "error building module dependancy map [object Object] undefined", source: file://@tomlarkworthy/module-map (823)
[pid=49116][err] [0928/090347.252796:INFO:CONSOLE:823] "error building module dependancy map [object Object] undefined", source: file://@tomlarkworthy/module-map (823)
[pid=49116][err] [0928/090347.252811:INFO:CONSOLE:823] "error building module dependancy map [object Object] undefined", source: file://@tomlarkworthy/module-map (823)
[pid=49116][err] [0928/090347.252827:INFO:CONSOLE:823] "error building module dependancy map [object Object] undefined", source: file://@tomlarkworthy/module-map (823)
[pid=49116][err] [0928/090347.252845:INFO:CONSOLE:823] "error building module dependancy map [object Object] undefined", source: file://@tomlarkworthy/module-map (823)
[pid=49116][err] [0928/090347.252863:INFO:CONSOLE:823] "error building module dependancy map [object Object] undefined", source: file://@tomlarkworthy/module-map (823)
[pid=49116][err] [0928/090347.252881:INFO:CONSOLE:839] "submit_summary", source: file://@tomlarkworthy/module-map (839)
[pid=49116][err] [0928/090347.262042:INFO:CONSOLE:679] "keepalive: dynamic observe submit_summary", source: file://@tomlarkworthy/runtime-sdk (679)
[pid=49116][err] [0928/090347.262073:INFO:CONSOLE:679] "keepalive: dynamic observe sync_modules", source: file://@tomlarkworthy/runtime-sdk (679)
[pid=49116][err] [0928/090347.262090:INFO:CONSOLE:679] "keepalive: dynamic observe currentModules", source: file://@tomlarkworthy/runtime-sdk (679)
[pid=49116][err] [0928/090347.270156:INFO:CONSOLE:538] "notebookImports", source: file://@tomlarkworthy/module-map (538)
[pid=49116][err] [0928/090347.275199:INFO:CONSOLE:566] "notebookImportVariables", source: file://@tomlarkworthy/module-map (566)
[pid=49116][err] [0928/090347.275259:INFO:CONSOLE:366] "module_definition_variables", source: file://@tomlarkworthy/module-map (366)
[pid=49116] <gracefully close start>
[pid=49116] <forcefully close>
[pid=49116] <kill>
[pid=49116] <will force kill>
    at /Users/tom.larkworthy/dev/lopecode-dev/tools/scratch/important-modules/A/s39-act.mjs:46:25 {
  log: []
}

Node.js v26.7.0
