roster: canon (corpus, measured), 14 ships, 2 of them multi-body at t=0
brawler-18p   vs brawler-10p     6%  draws 1/8
brawler-18p   vs carrier-29p    19%  draws 1/8
brawler-18p   vs carrier-25p     6%  draws 1/8
brawler-18p   vs drifter-19p   100%  draws 0/8
brawler-18p   vs drifter-5p     63%  draws 6/8
brawler-18p   vs gunship-6p     75%  draws 4/8
brawler-18p   vs gunship-13p    31%  draws 1/8
brawler-18p   vs rammer-7p      56%  draws 1/8
brawler-18p   vs rammer-11p     56%  draws 5/8
brawler-18p   vs shedder-19p    38%  draws 4/8
brawler-18p   vs shedder-6p     50%  draws 8/8
brawler-18p   vs turtle-3p      13%  draws 2/8
brawler-18p   vs turtle-7p      50%  draws 0/8
brawler-10p   vs carrier-29p    13%  draws 2/8
brawler-10p   vs carrier-25p     6%  draws 1/8
brawler-10p   vs drifter-19p    50%  draws 8/8
brawler-10p   vs drifter-5p     63%  draws 6/8
brawler-10p   vs gunship-6p     50%  draws 8/8
brawler-10p   vs gunship-13p    56%  draws 7/8
brawler-10p   vs rammer-7p     100%  draws 0/8
brawler-10p   vs rammer-11p     50%  draws 8/8
brawler-10p   vs shedder-19p    75%  draws 4/8
brawler-10p   vs shedder-6p     56%  draws 7/8
brawler-10p   vs turtle-3p      63%  draws 6/8
brawler-10p   vs turtle-7p      63%  draws 6/8
carrier-29p   vs carrier-25p    81%  draws 1/8
carrier-29p   vs drifter-19p   100%  draws 0/8
carrier-29p   vs drifter-5p     56%  draws 7/8
carrier-29p   vs gunship-6p     88%  draws 0/8
carrier-29p   vs gunship-13p   100%  draws 0/8
carrier-29p   vs rammer-7p     100%  draws 0/8
carrier-29p   vs rammer-11p     63%  draws 4/8
carrier-29p   vs shedder-19p    94%  draws 1/8
carrier-29p   vs shedder-6p     63%  draws 6/8
carrier-29p   vs turtle-3p     100%  draws 0/8
carrier-29p   vs turtle-7p     100%  draws 0/8
carrier-25p   vs drifter-19p    63%  draws 6/8
carrier-25p   vs drifter-5p     50%  draws 8/8
carrier-25p   vs gunship-6p     75%  draws 4/8
carrier-25p   vs gunship-13p   100%  draws 0/8
carrier-25p   vs rammer-7p     100%  draws 0/8
carrier-25p   vs rammer-11p     56%  draws 7/8
carrier-25p   vs shedder-19p   100%  draws 0/8
carrier-25p   vs shedder-6p     50%  draws 6/8
carrier-25p   vs turtle-3p     100%  draws 0/8
carrier-25p   vs turtle-7p     100%  draws 0/8
drifter-19p   vs drifter-5p     50%  draws 8/8
drifter-19p   vs gunship-6p     19%  draws 3/8
drifter-19p   vs gunship-13p    31%  draws 5/8
drifter-19p   vs rammer-7p      38%  draws 6/8
drifter-19p   vs rammer-11p     31%  draws 3/8
drifter-19p   vs shedder-19p    19%  draws 3/8
drifter-19p   vs shedder-6p      6%  draws 1/8
drifter-19p   vs turtle-3p      50%  draws 8/8
drifter-19p   vs turtle-7p      31%  draws 5/8
drifter-5p    vs gunship-6p     50%  draws 8/8
drifter-5p    vs gunship-13p    50%  draws 8/8
drifter-5p    vs rammer-7p      56%  draws 7/8
drifter-5p    vs rammer-11p     50%  draws 8/8
drifter-5p    vs shedder-19p    50%  draws 8/8
drifter-5p    vs shedder-6p     44%  draws 7/8
drifter-5p    vs turtle-3p      50%  draws 8/8
drifter-5p    vs turtle-7p      50%  draws 8/8
gunship-6p    vs gunship-13p    44%  draws 7/8
gunship-6p    vs rammer-7p      50%  draws 8/8
gunship-6p    vs rammer-11p     50%  draws 8/8
gunship-6p    vs shedder-19p    44%  draws 7/8
gunship-6p    vs shedder-6p     31%  draws 5/8
gunship-6p    vs turtle-3p      50%  draws 8/8
gunship-6p    vs turtle-7p      44%  draws 7/8
gunship-13p   vs rammer-7p      69%  draws 5/8
gunship-13p   vs rammer-11p     69%  draws 5/8
gunship-13p   vs shedder-19p    50%  draws 8/8
gunship-13p   vs shedder-6p     50%  draws 8/8
gunship-13p   vs turtle-3p      81%  draws 3/8
gunship-13p   vs turtle-7p      75%  draws 4/8
rammer-7p     vs rammer-11p     25%  draws 4/8
rammer-7p     vs shedder-19p    25%  draws 0/8
rammer-7p     vs shedder-6p     44%  draws 7/8
rammer-7p     vs turtle-3p      63%  draws 4/8
rammer-7p     vs turtle-7p      75%  draws 2/8
rammer-11p    vs shedder-19p    44%  draws 7/8
rammer-11p    vs shedder-6p     50%  draws 8/8
rammer-11p    vs turtle-3p      50%  draws 8/8
rammer-11p    vs turtle-7p      56%  draws 7/8
shedder-19p   vs shedder-6p     31%  draws 5/8
shedder-19p   vs turtle-3p      69%  draws 5/8
shedder-19p   vs turtle-7p      69%  draws 5/8
shedder-6p    vs turtle-3p      50%  draws 8/8
shedder-6p    vs turtle-7p      56%  draws 7/8
turtle-3p     vs turtle-7p      31%  draws 5/8

 name           win%   draw%   dmg dealt/match  taken/match
 carrier-29p     86     21           0.42         0.41
 carrier-25p     77     33           0.41         0.41
 brawler-10p     57     62           0.22         0.23
 shedder-6p      56     80           0.20         0.22
 gunship-13p     52     59           0.24         0.27
 rammer-11p      50     79           0.17         0.15
 shedder-19p     49     55           0.34         0.39
 drifter-5p      48     93           0.13         0.12
 brawler-18p     43     33           0.29         0.28
 gunship-6p      43     74           0.17         0.14
 turtle-7p       38     54           0.21         0.21
 turtle-3p       38     63           0.18         0.19
 rammer-7p       36     42           0.20         0.22
 drifter-19p     28     54           0.24         0.16
